=== PROMPT ===
echo $ hello

=== TOKENS ===
[0] WORD(echo)
[1] WORD($)
[2] WORD(hello)
=== CMDS ===
cmd[0]
  argv: [echo] [$] [hello]
  redirs: none
  next: NULL
------------------
=== PROMPT ===
cat debug.log 

=== TOKENS ===
[0] WORD(cat)
[1] WORD(debug.log)
=== CMDS ===
cmd[0]
  argv: [cat] [debug.log]
  redirs: none
  next: NULL
------------------
=== PROMPT ===
echo ""hey

=== TOKENS ===
[0] WORD(echo)
[1] WORD(""hey)
=== CMDS ===
cmd[0]
  argv: [echo] [hey]
  redirs: none
  next: NULL
------------------
=== PROMPT ===
cat debug.log 

=== TOKENS ===
[0] WORD(cat)
[1] WORD(debug.log)
=== CMDS ===
cmd[0]
  argv: [cat] [debug.log]
  redirs: none
  next: NULL
------------------
=== PROMPT ===
echo "" hey 'there' $USER

=== TOKENS ===
[0] WORD(echo)
[1] WORD("")
[2] WORD(hey)
[3] WORD('there')
[4] WORD($USER)
=== CMDS ===
cmd[0]
  argv: [echo] [] [hey] [there] [rpinheir]
  redirs: none
  next: NULL
------------------
=== PROMPT ===
cat debug.log 

=== TOKENS ===
[0] WORD(cat)
[1] WORD(debug.log)
=== CMDS ===
cmd[0]
  argv: [cat] [debug.log]
  redirs: none
  next: NULL
------------------
=== PROMPT ===
cat debug.log >> .dump.log

=== TOKENS ===
[0] WORD(cat)
[1] WORD(debug.log)
[2] REDIR_APPEND(>>)
[3] WORD(.dump.log)
=== CMDS ===
cmd[0]
  argv: [cat] [debug.log]
  redirs: >> [.dump.log]

  next: NULL
------------------
=== PROMPT ===
cat .dump.log 

=== TOKENS ===
[0] WORD(cat)
[1] WORD(.dump.log)
=== CMDS ===
cmd[0]
  argv: [cat] [.dump.log]
  redirs: none
  next: NULL
------------------
=== PROMPT ===
<< EOF | cat | wc -l

=== TOKENS ===
[0] REDIR_HEREDOC(<<)
[1] WORD(EOF)
[2] PIPE(|)
[3] WORD(cat)
[4] PIPE(|)
[5] WORD(wc)
[6] WORD(-l)
=== CMDS ===
cmd[0]
  argv: none
  redirs: << [EOF]

  next: YES
cmd[1]
  argv: [cat]
  redirs: none
  next: YES
cmd[2]
  argv: [wc] [-l]
  redirs: none
  next: NULL
------------------
=== PROMPT ===
cat << EOF | cat | wc -l

=== TOKENS ===
[0] WORD(cat)
[1] REDIR_HEREDOC(<<)
[2] WORD(EOF)
[3] PIPE(|)
[4] WORD(cat)
[5] PIPE(|)
[6] WORD(wc)
[7] WORD(-l)
=== CMDS ===
cmd[0]
  argv: [cat]
  redirs: << [EOF]

  next: YES
cmd[1]
  argv: [cat]
  redirs: none
  next: YES
cmd[2]
  argv: [wc] [-l]
  redirs: none
  next: NULL
------------------
=== PROMPT ===
cat << EOF | cat

=== TOKENS ===
[0] WORD(cat)
[1] REDIR_HEREDOC(<<)
[2] WORD(EOF)
[3] PIPE(|)
[4] WORD(cat)
=== CMDS ===
cmd[0]
  argv: [cat]
  redirs: << [EOF]

  next: YES
cmd[1]
  argv: [cat]
  redirs: none
  next: NULL
------------------
=== PROMPT ===
echo $USER

=== TOKENS ===
[0] WORD(echo)
[1] WORD($USER)
=== CMDS ===
cmd[0]
  argv: [echo] [rpinheir]
  redirs: none
  next: NULL
------------------
=== PROMPT ===
cat << eof

=== TOKENS ===
[0] WORD(cat)
[1] REDIR_HEREDOC(<<)
[2] WORD(eof)
=== CMDS ===
cmd[0]
  argv: [cat]
  redirs: << [eof]

  next: NULL
------------------
=== PROMPT ===
cat << eof

=== TOKENS ===
[0] WORD(cat)
[1] REDIR_HEREDOC(<<)
[2] WORD(eof)
=== CMDS ===
cmd[0]
  argv: [cat]
  redirs: << [eof]

  next: NULL
------------------
=== PROMPT ===
cat debug.log > .dump.log 

=== TOKENS ===
[0] WORD(cat)
[1] WORD(debug.log)
[2] REDIR_OUT(>)
[3] WORD(.dump.log)
=== CMDS ===
cmd[0]
  argv: [cat] [debug.log]
  redirs: > [.dump.log]

  next: NULL
------------------
=== PROMPT ===
cat << eof | cat

=== TOKENS ===
[0] WORD(cat)
[1] REDIR_HEREDOC(<<)
[2] WORD(eof)
[3] PIPE(|)
[4] WORD(cat)
=== CMDS ===
cmd[0]
  argv: [cat]
  redirs: << [eof]

  next: YES
cmd[1]
  argv: [cat]
  redirs: none
  next: NULL
------------------
=== PROMPT ===
exit

=== TOKENS ===
[0] WORD(exit)
=== CMDS ===
cmd[0]
  argv: [exit]
  redirs: none
  next: NULL
------------------
